2026-07-27 10:38:18 [INFO] sqlalchemy.engine.Engine: BEGIN (implicit)
2026-07-27 10:38:18 [INFO] sqlalchemy.engine.Engine: SELECT users.id, users.name, users.email, users.hashed_password, users.`role`, users.is_active, users.created_at, users.updated_at 
FROM users 
WHERE users.id = %s AND users.is_active = %s
2026-07-27 10:38:18 [INFO] sqlalchemy.engine.Engine: [generated in 0.00084s] (2, 1)
2026-07-27 10:38:18 [INFO] sqlalchemy.engine.Engine: BEGIN (implicit)
2026-07-27 10:38:18 [INFO] sqlalchemy.engine.Engine: SELECT users.id, users.name, users.email, users.hashed_password, users.`role`, users.is_active, users.created_at, users.updated_at 
FROM users 
WHERE users.id = %s AND users.is_active = %s
2026-07-27 10:38:18 [INFO] sqlalchemy.engine.Engine: [cached since 0.002886s ago] (2, 1)
2026-07-27 10:38:18 [INFO] sqlalchemy.engine.Engine: SELECT meetings.id, meetings.owner_id, meetings.title, meetings.description, meetings.status, meetings.failure_reason, meetings.recording_path, meetings.audio_path, meetings.transcript_raw, meetings.summary_draft, meetings.summary_approved, meetings.extract_tasks, meetings.tasks_json, meetings.duration_seconds, meetings.participant_emails, meetings.processed_at, meetings.created_at, meetings.updated_at 
FROM meetings 
WHERE meetings.id = %s AND meetings.owner_id = %s
2026-07-27 10:38:18 [INFO] sqlalchemy.engine.Engine: [generated in 0.00040s] (8, 2)
2026-07-27 10:38:18 [INFO] sqlalchemy.engine.Engine: SELECT meetings.id, meetings.owner_id, meetings.title, meetings.description, meetings.status, meetings.failure_reason, meetings.recording_path, meetings.audio_path, meetings.transcript_raw, meetings.summary_draft, meetings.summary_approved, meetings.extract_tasks, meetings.tasks_json, meetings.duration_seconds, meetings.participant_emails, meetings.processed_at, meetings.created_at, meetings.updated_at 
FROM meetings 
WHERE meetings.id = %s AND meetings.owner_id = %s
2026-07-27 10:38:18 [INFO] sqlalchemy.engine.Engine: [cached since 0.002999s ago] (8, 2)
2026-07-27 10:38:18 [INFO] sqlalchemy.engine.Engine: ROLLBACK
2026-07-27 10:38:18 [INFO] sqlalchemy.engine.Engine: SELECT notifications.id, notifications.meeting_id, notifications.sent_to, notifications.email_subject, notifications.email_body, notifications.status, notifications.error_message, notifications.sent_at 
FROM notifications 
WHERE notifications.meeting_id = %s ORDER BY notifications.sent_at DESC
2026-07-27 10:38:18 [INFO] sqlalchemy.engine.Engine: [generated in 0.00071s] (8,)
2026-07-27 10:38:18 [INFO] sqlalchemy.engine.Engine: ROLLBACK
2026-07-27 10:38:18 [INFO] sqlalchemy.engine.Engine: BEGIN (implicit)
2026-07-27 10:38:18 [INFO] sqlalchemy.engine.Engine: SELECT users.id, users.name, users.email, users.hashed_password, users.`role`, users.is_active, users.created_at, users.updated_at 
FROM users 
WHERE users.id = %s AND users.is_active = %s
2026-07-27 10:38:18 [INFO] sqlalchemy.engine.Engine: [cached since 0.0239s ago] (2, 1)
2026-07-27 10:38:18 [INFO] sqlalchemy.engine.Engine: SELECT meetings.id, meetings.owner_id, meetings.title, meetings.description, meetings.status, meetings.failure_reason, meetings.recording_path, meetings.audio_path, meetings.transcript_raw, meetings.summary_draft, meetings.summary_approved, meetings.extract_tasks, meetings.tasks_json, meetings.duration_seconds, meetings.participant_emails, meetings.processed_at, meetings.created_at, meetings.updated_at 
FROM meetings 
WHERE meetings.id = %s AND meetings.owner_id = %s
2026-07-27 10:38:18 [INFO] sqlalchemy.engine.Engine: [cached since 0.01969s ago] (8, 2)
2026-07-27 10:38:18 [INFO] sqlalchemy.engine.Engine: ROLLBACK
2026-07-27 10:38:18 [INFO] sqlalchemy.engine.Engine: BEGIN (implicit)
2026-07-27 10:38:18 [INFO] sqlalchemy.engine.Engine: SELECT users.id, users.name, users.email, users.hashed_password, users.`role`, users.is_active, users.created_at, users.updated_at 
FROM users 
WHERE users.id = %s AND users.is_active = %s
2026-07-27 10:38:18 [INFO] sqlalchemy.engine.Engine: [cached since 0.03173s ago] (2, 1)
2026-07-27 10:38:18 [INFO] sqlalchemy.engine.Engine: SELECT meetings.id, meetings.owner_id, meetings.title, meetings.description, meetings.status, meetings.failure_reason, meetings.recording_path, meetings.audio_path, meetings.transcript_raw, meetings.summary_draft, meetings.summary_approved, meetings.extract_tasks, meetings.tasks_json, meetings.duration_seconds, meetings.participant_emails, meetings.processed_at, meetings.created_at, meetings.updated_at 
FROM meetings 
WHERE meetings.id = %s AND meetings.owner_id = %s
2026-07-27 10:38:18 [INFO] sqlalchemy.engine.Engine: [cached since 0.02856s ago] (8, 2)
2026-07-27 10:38:18 [INFO] sqlalchemy.engine.Engine: SELECT notifications.id, notifications.meeting_id, notifications.sent_to, notifications.email_subject, notifications.email_body, notifications.status, notifications.error_message, notifications.sent_at 
FROM notifications 
WHERE notifications.meeting_id = %s ORDER BY notifications.sent_at DESC
2026-07-27 10:38:18 [INFO] sqlalchemy.engine.Engine: [cached since 0.02307s ago] (8,)
2026-07-27 10:38:18 [INFO] sqlalchemy.engine.Engine: ROLLBACK
2026-07-27 10:39:10 [INFO] sqlalchemy.engine.Engine: BEGIN (implicit)
2026-07-27 10:39:10 [INFO] sqlalchemy.engine.Engine: SELECT users.id, users.name, users.email, users.hashed_password, users.`role`, users.is_active, users.created_at, users.updated_at 
FROM users 
WHERE users.id = %s AND users.is_active = %s
2026-07-27 10:39:10 [INFO] sqlalchemy.engine.Engine: [cached since 51.36s ago] (2, 1)
2026-07-27 10:39:10 [INFO] sqlalchemy.engine.Engine: SELECT meetings.id, meetings.owner_id, meetings.title, meetings.description, meetings.status, meetings.failure_reason, meetings.recording_path, meetings.audio_path, meetings.transcript_raw, meetings.summary_draft, meetings.summary_approved, meetings.extract_tasks, meetings.tasks_json, meetings.duration_seconds, meetings.participant_emails, meetings.processed_at, meetings.created_at, meetings.updated_at 
FROM meetings 
WHERE meetings.id = %s AND meetings.owner_id = %s
2026-07-27 10:39:10 [INFO] sqlalchemy.engine.Engine: [cached since 51.36s ago] (8, 2)
2026-07-27 10:39:10 [INFO] sqlalchemy.engine.Engine: COMMIT
2026-07-27 10:39:14 [INFO] sqlalchemy.engine.Engine: BEGIN (implicit)
2026-07-27 10:39:14 [INFO] sqlalchemy.engine.Engine: SELECT users.id, users.name, users.email, users.hashed_password, users.`role`, users.is_active, users.created_at, users.updated_at 
FROM users 
WHERE users.id = %s AND users.is_active = %s
2026-07-27 10:39:14 [INFO] sqlalchemy.engine.Engine: [cached since 55.82s ago] (2, 1)
2026-07-27 10:39:14 [INFO] sqlalchemy.engine.Engine: SELECT meetings.id, meetings.owner_id, meetings.title, meetings.description, meetings.status, meetings.failure_reason, meetings.recording_path, meetings.audio_path, meetings.transcript_raw, meetings.summary_draft, meetings.summary_approved, meetings.extract_tasks, meetings.tasks_json, meetings.duration_seconds, meetings.participant_emails, meetings.processed_at, meetings.created_at, meetings.updated_at 
FROM meetings 
WHERE meetings.id = %s AND meetings.owner_id = %s
2026-07-27 10:39:14 [INFO] sqlalchemy.engine.Engine: [cached since 55.82s ago] (8, 2)
2026-07-27 10:39:14 [INFO] sqlalchemy.engine.Engine: SELECT notifications.id, notifications.meeting_id, notifications.sent_to, notifications.email_subject, notifications.email_body, notifications.status, notifications.error_message, notifications.sent_at 
FROM notifications 
WHERE notifications.meeting_id = %s ORDER BY notifications.sent_at DESC
2026-07-27 10:39:14 [INFO] sqlalchemy.engine.Engine: [cached since 55.81s ago] (8,)
2026-07-27 10:39:14 [INFO] sqlalchemy.engine.Engine: ROLLBACK
2026-07-27 10:42:51 [INFO] sqlalchemy.engine.Engine: BEGIN (implicit)
2026-07-27 10:42:51 [INFO] sqlalchemy.engine.Engine: SELECT users.id, users.name, users.email, users.hashed_password, users.`role`, users.is_active, users.created_at, users.updated_at 
FROM users 
WHERE users.id = %s AND users.is_active = %s
2026-07-27 10:42:51 [INFO] sqlalchemy.engine.Engine: [cached since 272.7s ago] (2, 1)
2026-07-27 10:42:51 [INFO] sqlalchemy.engine.Engine: SELECT meetings.id, meetings.owner_id, meetings.title, meetings.description, meetings.status, meetings.failure_reason, meetings.recording_path, meetings.audio_path, meetings.transcript_raw, meetings.summary_draft, meetings.summary_approved, meetings.extract_tasks, meetings.tasks_json, meetings.duration_seconds, meetings.participant_emails, meetings.processed_at, meetings.created_at, meetings.updated_at 
FROM meetings 
WHERE meetings.id = %s AND meetings.owner_id = %s
2026-07-27 10:42:51 [INFO] sqlalchemy.engine.Engine: [cached since 272.7s ago] (8, 2)
2026-07-27 10:42:51 [INFO] sqlalchemy.engine.Engine: BEGIN (implicit)
2026-07-27 10:42:51 [INFO] sqlalchemy.engine.Engine: SELECT users.id, users.name, users.email, users.hashed_password, users.`role`, users.is_active, users.created_at, users.updated_at 
FROM users 
WHERE users.id = %s AND users.is_active = %s
2026-07-27 10:42:51 [INFO] sqlalchemy.engine.Engine: [cached since 272.7s ago] (2, 1)
2026-07-27 10:42:51 [INFO] sqlalchemy.engine.Engine: SELECT meetings.id, meetings.owner_id, meetings.title, meetings.description, meetings.status, meetings.failure_reason, meetings.recording_path, meetings.audio_path, meetings.transcript_raw, meetings.summary_draft, meetings.summary_approved, meetings.extract_tasks, meetings.tasks_json, meetings.duration_seconds, meetings.participant_emails, meetings.processed_at, meetings.created_at, meetings.updated_at 
FROM meetings 
WHERE meetings.id = %s AND meetings.owner_id = %s
2026-07-27 10:42:51 [INFO] sqlalchemy.engine.Engine: [cached since 272.7s ago] (8, 2)
2026-07-27 10:42:51 [INFO] sqlalchemy.engine.Engine: SELECT notifications.id, notifications.meeting_id, notifications.sent_to, notifications.email_subject, notifications.email_body, notifications.status, notifications.error_message, notifications.sent_at 
FROM notifications 
WHERE notifications.meeting_id = %s ORDER BY notifications.sent_at DESC
2026-07-27 10:42:51 [INFO] sqlalchemy.engine.Engine: [cached since 272.7s ago] (8,)
2026-07-27 10:42:51 [INFO] sqlalchemy.engine.Engine: ROLLBACK
2026-07-27 10:42:51 [INFO] sqlalchemy.engine.Engine: ROLLBACK
2026-07-27 10:42:51 [INFO] sqlalchemy.engine.Engine: BEGIN (implicit)
2026-07-27 10:42:51 [INFO] sqlalchemy.engine.Engine: SELECT users.id, users.name, users.email, users.hashed_password, users.`role`, users.is_active, users.created_at, users.updated_at 
FROM users 
WHERE users.id = %s AND users.is_active = %s
2026-07-27 10:42:51 [INFO] sqlalchemy.engine.Engine: [cached since 272.7s ago] (2, 1)
2026-07-27 10:42:51 [INFO] sqlalchemy.engine.Engine: SELECT meetings.id, meetings.owner_id, meetings.title, meetings.description, meetings.status, meetings.failure_reason, meetings.recording_path, meetings.audio_path, meetings.transcript_raw, meetings.summary_draft, meetings.summary_approved, meetings.extract_tasks, meetings.tasks_json, meetings.duration_seconds, meetings.participant_emails, meetings.processed_at, meetings.created_at, meetings.updated_at 
FROM meetings 
WHERE meetings.id = %s AND meetings.owner_id = %s
2026-07-27 10:42:51 [INFO] sqlalchemy.engine.Engine: [cached since 272.7s ago] (8, 2)
2026-07-27 10:42:51 [INFO] sqlalchemy.engine.Engine: ROLLBACK
2026-07-27 10:42:51 [INFO] sqlalchemy.engine.Engine: BEGIN (implicit)
2026-07-27 10:42:51 [INFO] sqlalchemy.engine.Engine: SELECT users.id, users.name, users.email, users.hashed_password, users.`role`, users.is_active, users.created_at, users.updated_at 
FROM users 
WHERE users.id = %s AND users.is_active = %s
2026-07-27 10:42:51 [INFO] sqlalchemy.engine.Engine: [cached since 272.7s ago] (2, 1)
2026-07-27 10:42:51 [INFO] sqlalchemy.engine.Engine: SELECT meetings.id, meetings.owner_id, meetings.title, meetings.description, meetings.status, meetings.failure_reason, meetings.recording_path, meetings.audio_path, meetings.transcript_raw, meetings.summary_draft, meetings.summary_approved, meetings.extract_tasks, meetings.tasks_json, meetings.duration_seconds, meetings.participant_emails, meetings.processed_at, meetings.created_at, meetings.updated_at 
FROM meetings 
WHERE meetings.id = %s AND meetings.owner_id = %s
2026-07-27 10:42:51 [INFO] sqlalchemy.engine.Engine: [cached since 272.7s ago] (8, 2)
2026-07-27 10:42:51 [INFO] sqlalchemy.engine.Engine: SELECT notifications.id, notifications.meeting_id, notifications.sent_to, notifications.email_subject, notifications.email_body, notifications.status, notifications.error_message, notifications.sent_at 
FROM notifications 
WHERE notifications.meeting_id = %s ORDER BY notifications.sent_at DESC
2026-07-27 10:42:51 [INFO] sqlalchemy.engine.Engine: [cached since 272.7s ago] (8,)
2026-07-27 10:42:51 [INFO] sqlalchemy.engine.Engine: ROLLBACK
2026-07-27 10:43:45 [INFO] sqlalchemy.engine.Engine: BEGIN (implicit)
2026-07-27 10:43:45 [INFO] sqlalchemy.engine.Engine: SELECT users.id, users.name, users.email, users.hashed_password, users.`role`, users.is_active, users.created_at, users.updated_at 
FROM users 
WHERE users.id = %s AND users.is_active = %s
2026-07-27 10:43:45 [INFO] sqlalchemy.engine.Engine: [cached since 326.3s ago] (2, 1)
2026-07-27 10:43:45 [INFO] sqlalchemy.engine.Engine: SELECT meetings.id, meetings.owner_id, meetings.title, meetings.description, meetings.status, meetings.failure_reason, meetings.recording_path, meetings.audio_path, meetings.transcript_raw, meetings.summary_draft, meetings.summary_approved, meetings.extract_tasks, meetings.tasks_json, meetings.duration_seconds, meetings.participant_emails, meetings.processed_at, meetings.created_at, meetings.updated_at 
FROM meetings 
WHERE meetings.id = %s AND meetings.owner_id = %s
2026-07-27 10:43:45 [INFO] sqlalchemy.engine.Engine: [cached since 326.3s ago] (8, 2)
2026-07-27 10:43:45 [INFO] sqlalchemy.engine.Engine: BEGIN (implicit)
2026-07-27 10:43:45 [INFO] sqlalchemy.engine.Engine: SELECT users.id, users.name, users.email, users.hashed_password, users.`role`, users.is_active, users.created_at, users.updated_at 
FROM users 
WHERE users.id = %s AND users.is_active = %s
2026-07-27 10:43:45 [INFO] sqlalchemy.engine.Engine: [cached since 326.3s ago] (2, 1)
2026-07-27 10:43:45 [INFO] sqlalchemy.engine.Engine: ROLLBACK
2026-07-27 10:43:45 [INFO] sqlalchemy.engine.Engine: SELECT meetings.id, meetings.owner_id, meetings.title, meetings.description, meetings.status, meetings.failure_reason, meetings.recording_path, meetings.audio_path, meetings.transcript_raw, meetings.summary_draft, meetings.summary_approved, meetings.extract_tasks, meetings.tasks_json, meetings.duration_seconds, meetings.participant_emails, meetings.processed_at, meetings.created_at, meetings.updated_at 
FROM meetings 
WHERE meetings.id = %s AND meetings.owner_id = %s
2026-07-27 10:43:45 [INFO] sqlalchemy.engine.Engine: [cached since 326.3s ago] (8, 2)
2026-07-27 10:43:45 [INFO] sqlalchemy.engine.Engine: SELECT notifications.id, notifications.meeting_id, notifications.sent_to, notifications.email_subject, notifications.email_body, notifications.status, notifications.error_message, notifications.sent_at 
FROM notifications 
WHERE notifications.meeting_id = %s ORDER BY notifications.sent_at DESC
2026-07-27 10:43:45 [INFO] sqlalchemy.engine.Engine: [cached since 326.3s ago] (8,)
2026-07-27 10:43:45 [INFO] sqlalchemy.engine.Engine: ROLLBACK
2026-07-27 10:43:45 [INFO] sqlalchemy.engine.Engine: BEGIN (implicit)
2026-07-27 10:43:45 [INFO] sqlalchemy.engine.Engine: SELECT users.id, users.name, users.email, users.hashed_password, users.`role`, users.is_active, users.created_at, users.updated_at 
FROM users 
WHERE users.id = %s AND users.is_active = %s
2026-07-27 10:43:45 [INFO] sqlalchemy.engine.Engine: [cached since 326.3s ago] (2, 1)
2026-07-27 10:43:45 [INFO] sqlalchemy.engine.Engine: SELECT meetings.id, meetings.owner_id, meetings.title, meetings.description, meetings.status, meetings.failure_reason, meetings.recording_path, meetings.audio_path, meetings.transcript_raw, meetings.summary_draft, meetings.summary_approved, meetings.extract_tasks, meetings.tasks_json, meetings.duration_seconds, meetings.participant_emails, meetings.processed_at, meetings.created_at, meetings.updated_at 
FROM meetings 
WHERE meetings.id = %s AND meetings.owner_id = %s
2026-07-27 10:43:45 [INFO] sqlalchemy.engine.Engine: [cached since 326.3s ago] (8, 2)
2026-07-27 10:43:45 [INFO] sqlalchemy.engine.Engine: ROLLBACK
2026-07-27 10:43:45 [INFO] sqlalchemy.engine.Engine: BEGIN (implicit)
2026-07-27 10:43:45 [INFO] sqlalchemy.engine.Engine: SELECT users.id, users.name, users.email, users.hashed_password, users.`role`, users.is_active, users.created_at, users.updated_at 
FROM users 
WHERE users.id = %s AND users.is_active = %s
2026-07-27 10:43:45 [INFO] sqlalchemy.engine.Engine: [cached since 326.3s ago] (2, 1)
2026-07-27 10:43:45 [INFO] sqlalchemy.engine.Engine: SELECT meetings.id, meetings.owner_id, meetings.title, meetings.description, meetings.status, meetings.failure_reason, meetings.recording_path, meetings.audio_path, meetings.transcript_raw, meetings.summary_draft, meetings.summary_approved, meetings.extract_tasks, meetings.tasks_json, meetings.duration_seconds, meetings.participant_emails, meetings.processed_at, meetings.created_at, meetings.updated_at 
FROM meetings 
WHERE meetings.id = %s AND meetings.owner_id = %s
2026-07-27 10:43:45 [INFO] sqlalchemy.engine.Engine: [cached since 326.3s ago] (8, 2)
2026-07-27 10:43:45 [INFO] sqlalchemy.engine.Engine: SELECT notifications.id, notifications.meeting_id, notifications.sent_to, notifications.email_subject, notifications.email_body, notifications.status, notifications.error_message, notifications.sent_at 
FROM notifications 
WHERE notifications.meeting_id = %s ORDER BY notifications.sent_at DESC
2026-07-27 10:43:45 [INFO] sqlalchemy.engine.Engine: [cached since 326.3s ago] (8,)
2026-07-27 10:43:45 [INFO] sqlalchemy.engine.Engine: ROLLBACK
2026-07-27 10:44:00 [INFO] sqlalchemy.engine.Engine: BEGIN (implicit)
2026-07-27 10:44:00 [INFO] sqlalchemy.engine.Engine: SELECT users.id, users.name, users.email, users.hashed_password, users.`role`, users.is_active, users.created_at, users.updated_at 
FROM users 
WHERE users.id = %s AND users.is_active = %s
2026-07-27 10:44:00 [INFO] sqlalchemy.engine.Engine: [cached since 341.7s ago] (2, 1)
2026-07-27 10:44:00 [INFO] sqlalchemy.engine.Engine: BEGIN (implicit)
2026-07-27 10:44:00 [INFO] sqlalchemy.engine.Engine: SELECT users.id, users.name, users.email, users.hashed_password, users.`role`, users.is_active, users.created_at, users.updated_at 
FROM users 
WHERE users.id = %s AND users.is_active = %s
2026-07-27 10:44:00 [INFO] sqlalchemy.engine.Engine: [cached since 341.7s ago] (2, 1)
2026-07-27 10:44:00 [INFO] sqlalchemy.engine.Engine: SELECT meetings.id, meetings.owner_id, meetings.title, meetings.description, meetings.status, meetings.failure_reason, meetings.recording_path, meetings.audio_path, meetings.transcript_raw, meetings.summary_draft, meetings.summary_approved, meetings.extract_tasks, meetings.tasks_json, meetings.duration_seconds, meetings.participant_emails, meetings.processed_at, meetings.created_at, meetings.updated_at 
FROM meetings 
WHERE meetings.id = %s AND meetings.owner_id = %s
2026-07-27 10:44:00 [INFO] sqlalchemy.engine.Engine: [cached since 341.7s ago] (8, 2)
2026-07-27 10:44:00 [INFO] sqlalchemy.engine.Engine: SELECT notifications.id, notifications.meeting_id, notifications.sent_to, notifications.email_subject, notifications.email_body, notifications.status, notifications.error_message, notifications.sent_at 
FROM notifications 
WHERE notifications.meeting_id = %s ORDER BY notifications.sent_at DESC
2026-07-27 10:44:00 [INFO] sqlalchemy.engine.Engine: [cached since 341.7s ago] (8,)
2026-07-27 10:44:00 [INFO] sqlalchemy.engine.Engine: SELECT meetings.id, meetings.owner_id, meetings.title, meetings.description, meetings.status, meetings.failure_reason, meetings.recording_path, meetings.audio_path, meetings.transcript_raw, meetings.summary_draft, meetings.summary_approved, meetings.extract_tasks, meetings.tasks_json, meetings.duration_seconds, meetings.participant_emails, meetings.processed_at, meetings.created_at, meetings.updated_at 
FROM meetings 
WHERE meetings.id = %s AND meetings.owner_id = %s
2026-07-27 10:44:00 [INFO] sqlalchemy.engine.Engine: [cached since 341.7s ago] (8, 2)
2026-07-27 10:44:00 [INFO] sqlalchemy.engine.Engine: ROLLBACK
2026-07-27 10:44:00 [INFO] sqlalchemy.engine.Engine: ROLLBACK
2026-07-27 10:44:00 [INFO] sqlalchemy.engine.Engine: BEGIN (implicit)
2026-07-27 10:44:00 [INFO] sqlalchemy.engine.Engine: SELECT users.id, users.name, users.email, users.hashed_password, users.`role`, users.is_active, users.created_at, users.updated_at 
FROM users 
WHERE users.id = %s AND users.is_active = %s
2026-07-27 10:44:00 [INFO] sqlalchemy.engine.Engine: [cached since 341.7s ago] (2, 1)
2026-07-27 10:44:00 [INFO] sqlalchemy.engine.Engine: BEGIN (implicit)
2026-07-27 10:44:00 [INFO] sqlalchemy.engine.Engine: SELECT users.id, users.name, users.email, users.hashed_password, users.`role`, users.is_active, users.created_at, users.updated_at 
FROM users 
WHERE users.id = %s AND users.is_active = %s
2026-07-27 10:44:00 [INFO] sqlalchemy.engine.Engine: [cached since 341.8s ago] (2, 1)
2026-07-27 10:44:00 [INFO] sqlalchemy.engine.Engine: SELECT meetings.id, meetings.owner_id, meetings.title, meetings.description, meetings.status, meetings.failure_reason, meetings.recording_path, meetings.audio_path, meetings.transcript_raw, meetings.summary_draft, meetings.summary_approved, meetings.extract_tasks, meetings.tasks_json, meetings.duration_seconds, meetings.participant_emails, meetings.processed_at, meetings.created_at, meetings.updated_at 
FROM meetings 
WHERE meetings.id = %s AND meetings.owner_id = %s
2026-07-27 10:44:00 [INFO] sqlalchemy.engine.Engine: [cached since 341.7s ago] (8, 2)
2026-07-27 10:44:00 [INFO] sqlalchemy.engine.Engine: SELECT meetings.id, meetings.owner_id, meetings.title, meetings.description, meetings.status, meetings.failure_reason, meetings.recording_path, meetings.audio_path, meetings.transcript_raw, meetings.summary_draft, meetings.summary_approved, meetings.extract_tasks, meetings.tasks_json, meetings.duration_seconds, meetings.participant_emails, meetings.processed_at, meetings.created_at, meetings.updated_at 
FROM meetings 
WHERE meetings.id = %s AND meetings.owner_id = %s
2026-07-27 10:44:00 [INFO] sqlalchemy.engine.Engine: [cached since 341.8s ago] (8, 2)
2026-07-27 10:44:00 [INFO] sqlalchemy.engine.Engine: SELECT notifications.id, notifications.meeting_id, notifications.sent_to, notifications.email_subject, notifications.email_body, notifications.status, notifications.error_message, notifications.sent_at 
FROM notifications 
WHERE notifications.meeting_id = %s ORDER BY notifications.sent_at DESC
2026-07-27 10:44:00 [INFO] sqlalchemy.engine.Engine: [cached since 341.7s ago] (8,)
2026-07-27 10:44:00 [INFO] sqlalchemy.engine.Engine: ROLLBACK
2026-07-27 10:44:00 [INFO] sqlalchemy.engine.Engine: ROLLBACK
